Checking Iterations Speed
Networks Pair                  | Iterations Speed    
DMelanogaster-HSapiens         | 25491.995513
AThaliana-HSapiens             | 26455.026455
SCerevisiae-HSapiens           | 23133.154437
MMusculus-HSapiens             | 24907.840988
CElegans-HSapiens              | 26296.413169
SPombe-HSapiens                | 25736.051060
RNorvegicus-HSapiens           | 27998.656065
AThaliana-DMelanogaster        | 50679.099939
SCerevisiae-DMelanogaster      | 70982.396366
MMusculus-DMelanogaster        | 142207.053470
CElegans-DMelanogaster         | 85091.899251
SPombe-DMelanogaster           | 75711.689885
RNorvegicus-DMelanogaster      | 79567.154679
SCerevisiae-AThaliana          | 121182.743577
MMusculus-AThaliana            | 196386.488610
CElegans-AThaliana             | 116986.429574
SPombe-AThaliana               | 135427.952329
RNorvegicus-AThaliana          | 720461.095101
MMusculus-SCerevisiae          | 145602.795574
CElegans-SCerevisiae           | 131648.235914
SPombe-SCerevisiae             | 116877.045348
RNorvegicus-SCerevisiae        | 150602.409639
CElegans-MMusculus             | 248756.218905
SPombe-MMusculus               | 293427.230047
RNorvegicus-MMusculus          | 196850.393701
SPombe-CElegans                | 1020408.163265
RNorvegicus-CElegans           | 1373626.373626
RNorvegicus-SPombe             | 1552795.031056
Iterations /s Average: 628666.000000 
Checking ec score
Networks Pair                  | ec score            
DMelanogaster-HSapiens         | 0.279458            
AThaliana-HSapiens             | 0.422764            
SCerevisiae-HSapiens           | 0.246717            
MMusculus-HSapiens             | 0.504059            
CElegans-HSapiens              | 0.541268            
SPombe-HSapiens                | 0.616642            
RNorvegicus-HSapiens           | 0.778541            
AThaliana-DMelanogaster        | 0.368508            
SCerevisiae-DMelanogaster      | 0.168466            
MMusculus-DMelanogaster        | 0.397872            
CElegans-DMelanogaster         | 0.467576            
SPombe-DMelanogaster           | 0.524305            
RNorvegicus-DMelanogaster      | 0.52618             
SCerevisiae-AThaliana          | 0.122788            
MMusculus-AThaliana            | 0.407854            
CElegans-AThaliana             | 0.468681            
SPombe-AThaliana               | 0.576098            
RNorvegicus-AThaliana          | 0.64206             
MMusculus-SCerevisiae          | 0.475976            
CElegans-SCerevisiae           | 0.426861            
SPombe-SCerevisiae             | 0.60709             
RNorvegicus-SCerevisiae        | 0.734764            
CElegans-MMusculus             | 0.430361            
SPombe-MMusculus               | 0.496498            
RNorvegicus-MMusculus          | 0.595279            
SPombe-CElegans                | 0.429845            
RNorvegicus-CElegans           | 0.476395            
RNorvegicus-SPombe             | 0.548498            
ec Score Average: 0.474336
Checking ics score
Networks Pair                  | ics score           
DMelanogaster-HSapiens         | 0.578474            
AThaliana-HSapiens             | 0.698309            
SCerevisiae-HSapiens           | 0.568179            
MMusculus-HSapiens             | 0.773309            
CElegans-HSapiens              | 0.765702            
SPombe-HSapiens                | 0.858705            
RNorvegicus-HSapiens           | 0.974221            
AThaliana-DMelanogaster        | 0.646773            
SCerevisiae-DMelanogaster      | 0.621004            
MMusculus-DMelanogaster        | 0.70688             
CElegans-DMelanogaster         | 0.762391            
SPombe-DMelanogaster           | 0.807453            
RNorvegicus-DMelanogaster      | 0.929492            
SCerevisiae-AThaliana          | 0.726012            
MMusculus-AThaliana            | 0.795805            
CElegans-AThaliana             | 0.831644            
SPombe-AThaliana               | 0.910433            
RNorvegicus-AThaliana          | 0.964539            
MMusculus-SCerevisiae          | 0.425601            
CElegans-SCerevisiae           | 0.619353            
SPombe-SCerevisiae             | 0.745374            
RNorvegicus-SCerevisiae        | 0.951111            
CElegans-MMusculus             | 0.767916            
SPombe-MMusculus               | 0.877674            
RNorvegicus-MMusculus          | 0.958535            
SPombe-CElegans                | 0.858415            
RNorvegicus-CElegans           | 0.93199             
RNorvegicus-SPombe             | 0.823454            
ics Score Average: 0.781384
Checking s3 score
Networks Pair                  | s3 score            
DMelanogaster-HSapiens         | 0.232178            
AThaliana-HSapiens             | 0.357472            
SCerevisiae-HSapiens           | 0.207761            
MMusculus-HSapiens             | 0.439167            
CElegans-HSapiens              | 0.464359            
SPombe-HSapiens                | 0.559838            
RNorvegicus-HSapiens           | 0.762826            
AThaliana-DMelanogaster        | 0.306769            
SCerevisiae-DMelanogaster      | 0.15276             
MMusculus-DMelanogaster        | 0.341525            
CElegans-DMelanogaster         | 0.408104            
SPombe-DMelanogaster           | 0.466038            
RNorvegicus-DMelanogaster      | 0.505984            
SCerevisiae-AThaliana          | 0.11735             
MMusculus-AThaliana            | 0.369215            
CElegans-AThaliana             | 0.428067            
SPombe-AThaliana               | 0.545199            
RNorvegicus-AThaliana          | 0.627254            
MMusculus-SCerevisiae          | 0.289808            
CElegans-SCerevisiae           | 0.338149            
SPombe-SCerevisiae             | 0.502813            
RNorvegicus-SCerevisiae        | 0.708023            
CElegans-MMusculus             | 0.380828            
SPombe-MMusculus               | 0.464364            
RNorvegicus-MMusculus          | 0.580335            
SPombe-CElegans                | 0.401388            
RNorvegicus-CElegans           | 0.46039             
RNorvegicus-SPombe             | 0.490783            
s3 Score Average: 0.425312
Checking lccs score
Networks Pair                  | lccs score          
DMelanogaster-HSapiens         | 0.279468            
AThaliana-HSapiens             | 0.169848            
SCerevisiae-HSapiens           | 0.540347            
MMusculus-HSapiens             | 0.180943            
CElegans-HSapiens              | 0.134602            
SPombe-HSapiens                | 0.150166            
RNorvegicus-HSapiens           | 0.113788            
AThaliana-DMelanogaster        | 0.237719            
SCerevisiae-DMelanogaster      | 0.717669            
MMusculus-DMelanogaster        | 0.21303             
CElegans-DMelanogaster         | 0.184168            
SPombe-DMelanogaster           | 0.204543            
RNorvegicus-DMelanogaster      | 0.111265            
SCerevisiae-AThaliana          | 0.882926            
MMusculus-AThaliana            | 0.380052            
CElegans-AThaliana             | 0.275642            
SPombe-AThaliana               | 0.346843            
RNorvegicus-AThaliana          | 0.239165            
MMusculus-SCerevisiae          | 0.256728            
CElegans-SCerevisiae           | 0.13219             
SPombe-SCerevisiae             | 0.179072            
RNorvegicus-SCerevisiae        | 0.129126            
CElegans-MMusculus             | 0.335776            
SPombe-MMusculus               | 0.440165            
RNorvegicus-MMusculus          | 0.263464            
SPombe-CElegans                | 0.515776            
RNorvegicus-CElegans           | 0.240988            
RNorvegicus-SPombe             | 0.324895            
lccs Score Average: 0.292156
Checking sec score
Networks Pair                  | sec score           
DMelanogaster-HSapiens         | 0.1337              
AThaliana-HSapiens             | 0.0913089           
SCerevisiae-HSapiens           | 0.202838            
MMusculus-HSapiens             | 0.0768112           
CElegans-HSapiens              | 0.0506744           
SPombe-HSapiens                | 0.050417            
RNorvegicus-HSapiens           | 0.0321466           
AThaliana-DMelanogaster        | 0.204886            
SCerevisiae-DMelanogaster      | 0.232293            
MMusculus-DMelanogaster        | 0.165356            
CElegans-DMelanogaster         | 0.126328            
SPombe-DMelanogaster           | 0.125177            
RNorvegicus-DMelanogaster      | 0.0661219           
SCerevisiae-AThaliana          | 0.209279            
MMusculus-AThaliana            | 0.330533            
CElegans-AThaliana             | 0.270509            
SPombe-AThaliana               | 0.300022            
RNorvegicus-AThaliana          | 0.19044             
MMusculus-SCerevisiae          | 0.100597            
CElegans-SCerevisiae           | 0.0561173           
SPombe-SCerevisiae             | 0.0698754           
RNorvegicus-SCerevisiae        | 0.0430806           
CElegans-MMusculus             | 0.321232            
SPombe-MMusculus               | 0.338324            
RNorvegicus-MMusculus          | 0.242355            
SPombe-CElegans                | 0.399448            
RNorvegicus-CElegans           | 0.286156            
RNorvegicus-SPombe             | 0.363017            
sec Score Average: 0.181394
