Checking Iterations Speed
Networks Pair                  | Iterations Speed    
DMelanogaster-HSapiens         | 141723.356009
AThaliana-HSapiens             | 464684.014870
SCerevisiae-HSapiens           | 137061.403509
MMusculus-HSapiens             | 454545.454545
CElegans-HSapiens              | 696378.830084
SPombe-HSapiens                | 545851.528384
RNorvegicus-HSapiens           | 788643.533123
AThaliana-DMelanogaster        | 811688.311688
SCerevisiae-DMelanogaster      | 516528.925620
MMusculus-DMelanogaster        | 862068.965517
CElegans-DMelanogaster         | 939849.624060
SPombe-DMelanogaster           | 965250.965251
RNorvegicus-DMelanogaster      | 1111111.111111
SCerevisiae-AThaliana          | 688705.234160
MMusculus-AThaliana            | 1082251.082251
CElegans-AThaliana             | 1168224.299065
SPombe-AThaliana               | 1201923.076923
RNorvegicus-AThaliana          | 1396648.044693
MMusculus-SCerevisiae          | 976562.500000
CElegans-SCerevisiae           | 1116071.428571
SPombe-SCerevisiae             | 1146788.990826
RNorvegicus-SCerevisiae        | 1207729.468599
CElegans-MMusculus             | 1344086.021505
SPombe-MMusculus               | 1602564.102564
RNorvegicus-MMusculus          | 1748251.748252
SPombe-CElegans                | 1923076.923077
RNorvegicus-CElegans           | 1953125.000000
RNorvegicus-SPombe             | 2016129.032258
Iterations /s Average: 1000000.96
Checking ec score
Networks Pair                  | ec score            
DMelanogaster-HSapiens         | 0.279458            
AThaliana-HSapiens             | 0.422764            
SCerevisiae-HSapiens           | 0.246717            
MMusculus-HSapiens             | 0.504059            
CElegans-HSapiens              | 0.541268            
SPombe-HSapiens                | 0.616642            
RNorvegicus-HSapiens           | 0.77897             
AThaliana-DMelanogaster        | 0.368508            
SCerevisiae-DMelanogaster      | 0.168466            
MMusculus-DMelanogaster        | 0.397872            
CElegans-DMelanogaster         | 0.472918            
SPombe-DMelanogaster           | 0.524305            
RNorvegicus-DMelanogaster      | 0.52618             
SCerevisiae-AThaliana          | 0.122788            
MMusculus-AThaliana            | 0.407854            
CElegans-AThaliana             | 0.472366            
SPombe-AThaliana               | 0.576098            
RNorvegicus-AThaliana          | 0.64206             
MMusculus-SCerevisiae          | 0.480584            
CElegans-SCerevisiae           | 0.426861            
SPombe-SCerevisiae             | 0.60709             
RNorvegicus-SCerevisiae        | 0.734764            
CElegans-MMusculus             | 0.435888            
SPombe-MMusculus               | 0.508809            
RNorvegicus-MMusculus          | 0.595279            
SPombe-CElegans                | 0.429845            
RNorvegicus-CElegans           | 0.476395            
RNorvegicus-SPombe             | 0.548498            
ec Score Average: 0.470336
Checking ics score
Networks Pair                  | ics score           
DMelanogaster-HSapiens         | 0.578474            
AThaliana-HSapiens             | 0.698309            
SCerevisiae-HSapiens           | 0.568179            
MMusculus-HSapiens             | 0.773309            
CElegans-HSapiens              | 0.775212            
SPombe-HSapiens                | 0.864374            
RNorvegicus-HSapiens           | 0.978964            
AThaliana-DMelanogaster        | 0.646773            
SCerevisiae-DMelanogaster      | 0.621004            
MMusculus-DMelanogaster        | 0.70688             
CElegans-DMelanogaster         | 0.762391            
SPombe-DMelanogaster           | 0.807453            
RNorvegicus-DMelanogaster      | 0.929492            
SCerevisiae-AThaliana          | 0.726012            
MMusculus-AThaliana            | 0.795805            
CElegans-AThaliana             | 0.831644            
SPombe-AThaliana               | 0.922688            
RNorvegicus-AThaliana          | 0.964539            
MMusculus-SCerevisiae          | 0.437925            
CElegans-SCerevisiae           | 0.619353            
SPombe-SCerevisiae             | 0.745374            
RNorvegicus-SCerevisiae        | 0.951111            
CElegans-MMusculus             | 0.786831            
SPombe-MMusculus               | 0.879633            
RNorvegicus-MMusculus          | 0.958799            
SPombe-CElegans                | 0.864574            
RNorvegicus-CElegans           | 0.93199             
RNorvegicus-SPombe             | 0.823454            
ics Score Average: 0.781384
Checking s3 score
Networks Pair                  | s3 score            
DMelanogaster-HSapiens         | 0.232178            
AThaliana-HSapiens             | 0.357472            
SCerevisiae-HSapiens           | 0.207761            
MMusculus-HSapiens             | 0.439167            
CElegans-HSapiens              | 0.465498            
SPombe-HSapiens                | 0.559838            
RNorvegicus-HSapiens           | 0.766146            
AThaliana-DMelanogaster        | 0.306769            
SCerevisiae-DMelanogaster      | 0.15276             
MMusculus-DMelanogaster        | 0.341525            
CElegans-DMelanogaster         | 0.410195            
SPombe-DMelanogaster           | 0.466038            
RNorvegicus-DMelanogaster      | 0.505984            
SCerevisiae-AThaliana          | 0.11735             
MMusculus-AThaliana            | 0.369215            
CElegans-AThaliana             | 0.428906            
SPombe-AThaliana               | 0.545199            
RNorvegicus-AThaliana          | 0.627254            
MMusculus-SCerevisiae          | 0.297239            
CElegans-SCerevisiae           | 0.338149            
SPombe-SCerevisiae             | 0.502813            
RNorvegicus-SCerevisiae        | 0.708023            
CElegans-MMusculus             | 0.38985             
SPombe-MMusculus               | 0.47569             
RNorvegicus-MMusculus          | 0.580335            
SPombe-CElegans                | 0.401388            
RNorvegicus-CElegans           | 0.46039             
RNorvegicus-SPombe             | 0.490783            
s3 Score Average: 0.404921
Checking lccs score
Networks Pair                  | lccs score          
DMelanogaster-HSapiens         | 0.279468            
AThaliana-HSapiens             | 0.179811            
SCerevisiae-HSapiens           | 0.540347            
MMusculus-HSapiens             | 0.180943            
CElegans-HSapiens              | 0.134602            
SPombe-HSapiens                | 0.150166            
RNorvegicus-HSapiens           | 0.115913            
AThaliana-DMelanogaster        | 0.237719            
SCerevisiae-DMelanogaster      | 0.717669            
MMusculus-DMelanogaster        | 0.221392            
CElegans-DMelanogaster         | 0.184168            
SPombe-DMelanogaster           | 0.207254            
RNorvegicus-DMelanogaster      | 0.111265            
SCerevisiae-AThaliana          | 0.887784            
MMusculus-AThaliana            | 0.380052            
CElegans-AThaliana             | 0.285267            
SPombe-AThaliana               | 0.346843            
RNorvegicus-AThaliana          | 0.240428            
MMusculus-SCerevisiae          | 0.256728            
CElegans-SCerevisiae           | 0.13219             
SPombe-SCerevisiae             | 0.179072            
RNorvegicus-SCerevisiae        | 0.129337            
CElegans-MMusculus             | 0.337174            
SPombe-MMusculus               | 0.440165            
RNorvegicus-MMusculus          | 0.263464            
SPombe-CElegans                | 0.515776            
RNorvegicus-CElegans           | 0.242805            
RNorvegicus-SPombe             | 0.324895            
lccs Score Average: 0.292156
Checking sec score
Networks Pair                  | sec score           
DMelanogaster-HSapiens         | 0.1337              
AThaliana-HSapiens             | 0.0913089           
SCerevisiae-HSapiens           | 0.202838            
MMusculus-HSapiens             | 0.0768112           
CElegans-HSapiens              | 0.0506744           
SPombe-HSapiens                | 0.050417            
RNorvegicus-HSapiens           | 0.0321643           
AThaliana-DMelanogaster        | 0.204886            
SCerevisiae-DMelanogaster      | 0.232293            
MMusculus-DMelanogaster        | 0.165356            
CElegans-DMelanogaster         | 0.127772            
SPombe-DMelanogaster           | 0.125177            
RNorvegicus-DMelanogaster      | 0.0661219           
SCerevisiae-AThaliana          | 0.209279            
MMusculus-AThaliana            | 0.330533            
CElegans-AThaliana             | 0.272635            
SPombe-AThaliana               | 0.300022            
RNorvegicus-AThaliana          | 0.19044             
MMusculus-SCerevisiae          | 0.101571            
CElegans-SCerevisiae           | 0.0561173           
SPombe-SCerevisiae             | 0.0698754           
RNorvegicus-SCerevisiae        | 0.0430806           
CElegans-MMusculus             | 0.325358            
SPombe-MMusculus               | 0.346713            
RNorvegicus-MMusculus          | 0.242355            
SPombe-CElegans                | 0.399448            
RNorvegicus-CElegans           | 0.286156            
RNorvegicus-SPombe             | 0.363017            
sec Score Average: 0.181394
Checking SANA Locking Mechanism
