Checking Iterations Speed
Networks Pair                  | Iterations Speed    
RNorvegicus-SPombe             | 1212273             
RNorvegicus-CElegans           | 1131806             
RNorvegicus-MMusculus          | 1070211             
RNorvegicus-SCerevisiae        | 843784              
RNorvegicus-AThaliana          | 998590              
RNorvegicus-DMelanogaster      | 903633              
RNorvegicus-HSapiens           | 778204              
SPombe-CElegans                | 958214              
SPombe-MMusculus               | 924356              
SPombe-SCerevisiae             | 739515              
SPombe-AThaliana               | 846522              
SPombe-DMelanogaster           | 810549              
SPombe-HSapiens                | 699097              
CElegans-MMusculus             | 913486              
CElegans-SCerevisiae           | 774551              
CElegans-AThaliana             | 900130              
CElegans-DMelanogaster         | 819563              
CElegans-HSapiens              | 711991              
MMusculus-SCerevisiae          | 746950              
MMusculus-AThaliana            | 836910              
MMusculus-DMelanogaster        | 768957              
MMusculus-HSapiens             | 679430              
SCerevisiae-AThaliana          | 460530              
SCerevisiae-DMelanogaster      | 448071              
SCerevisiae-HSapiens           | 413784              
AThaliana-DMelanogaster        | 715461              
AThaliana-HSapiens             | 630776              
DMelanogaster-HSapiens         | 535744              
Iterations /s Average: 795467.000000 
Checking ec score
Networks Pair                  | ec score            
RNorvegicus-SPombe             | 0.537339            
RNorvegicus-CElegans           | 0.471674            
RNorvegicus-MMusculus          | 0.529614            
RNorvegicus-SCerevisiae        | 0.728755            
RNorvegicus-AThaliana          | 0.656223            
RNorvegicus-DMelanogaster      | 0.513305            
RNorvegicus-HSapiens           | 0.771245            
SPombe-CElegans                | 0.409043            
SPombe-MMusculus               | 0.487582            
SPombe-SCerevisiae             | 0.601146            
SPombe-AThaliana               | 0.542348            
SPombe-DMelanogaster           | 0.49395             
SPombe-HSapiens                | 0.54447             
CElegans-MMusculus             | 0.403464            
CElegans-SCerevisiae           | 0.444178            
CElegans-AThaliana             | 0.432019            
CElegans-DMelanogaster         | 0.450995            
CElegans-HSapiens              | 0.522292            
MMusculus-SCerevisiae          | 0.468078            
MMusculus-AThaliana            | 0.374945            
MMusculus-DMelanogaster        | 0.373409            
MMusculus-HSapiens             | 0.449868            
SCerevisiae-AThaliana          | 0.114259            
SCerevisiae-DMelanogaster      | 0.159691            
SCerevisiae-HSapiens           | 0.231448            
AThaliana-DMelanogaster        | 0.344743            
AThaliana-HSapiens             | 0.396233            
DMelanogaster-HSapiens         | 0.269588            
ec Score Average: 0.454354
Checking ics score
Networks Pair                  | ics score           
RNorvegicus-SPombe             | 0.790404            
RNorvegicus-CElegans           | 0.931356            
RNorvegicus-MMusculus          | 0.936267            
RNorvegicus-SCerevisiae        | 0.930411            
RNorvegicus-AThaliana          | 0.922195            
RNorvegicus-DMelanogaster      | 0.85064             
RNorvegicus-HSapiens           | 0.964573            
SPombe-CElegans                | 0.863738            
SPombe-MMusculus               | 0.876049            
SPombe-SCerevisiae             | 0.71371             
SPombe-AThaliana               | 0.912826            
SPombe-DMelanogaster           | 0.768494            
SPombe-HSapiens                | 0.879328            
CElegans-MMusculus             | 0.776045            
CElegans-SCerevisiae           | 0.553617            
CElegans-AThaliana             | 0.793033            
CElegans-DMelanogaster         | 0.737794            
CElegans-HSapiens              | 0.756605            
MMusculus-SCerevisiae          | 0.432276            
MMusculus-AThaliana            | 0.747431            
MMusculus-DMelanogaster        | 0.66732             
MMusculus-HSapiens             | 0.741994            
SCerevisiae-AThaliana          | 0.68059             
SCerevisiae-DMelanogaster      | 0.569027            
SCerevisiae-HSapiens           | 0.536764            
AThaliana-DMelanogaster        | 0.625068            
AThaliana-HSapiens             | 0.614582            
DMelanogaster-HSapiens         | 0.556222            
ics Score Average: 0.754584
Checking s3 score
Networks Pair                  | s3 score            
RNorvegicus-SPombe             | 0.470323            
RNorvegicus-CElegans           | 0.455827            
RNorvegicus-MMusculus          | 0.511185            
RNorvegicus-SCerevisiae        | 0.691087            
RNorvegicus-AThaliana          | 0.621797            
RNorvegicus-DMelanogaster      | 0.470866            
RNorvegicus-HSapiens           | 0.75                
SPombe-CElegans                | 0.384247            
SPombe-MMusculus               | 0.456116            
SPombe-SCerevisiae             | 0.484351            
SPombe-AThaliana               | 0.515641            
SPombe-DMelanogaster           | 0.42997             
SPombe-HSapiens                | 0.506617            
CElegans-MMusculus             | 0.361386            
CElegans-SCerevisiae           | 0.327048            
CElegans-AThaliana             | 0.388245            
CElegans-DMelanogaster         | 0.388695            
CElegans-HSapiens              | 0.447161            
MMusculus-SCerevisiae          | 0.289878            
MMusculus-AThaliana            | 0.332782            
MMusculus-DMelanogaster        | 0.314806            
MMusculus-HSapiens             | 0.389015            
SCerevisiae-AThaliana          | 0.108444            
SCerevisiae-DMelanogaster      | 0.142461            
SCerevisiae-HSapiens           | 0.192915            
AThaliana-DMelanogaster        | 0.28567             
AThaliana-HSapiens             | 0.317371            
DMelanogaster-HSapiens         | 0.221867            
s3 Score Average: 0.401992
Checking lccs score
Networks Pair                  | lccs score          
RNorvegicus-SPombe             | 0.335779            
RNorvegicus-CElegans           | 0.265616            
RNorvegicus-MMusculus          | 0.234646            
RNorvegicus-SCerevisiae        | 0.129387            
RNorvegicus-AThaliana          | 0.226301            
RNorvegicus-DMelanogaster      | 0.113537            
RNorvegicus-HSapiens           | 0.116534            
SPombe-CElegans                | 0.437834            
SPombe-MMusculus               | 0.407937            
SPombe-SCerevisiae             | 0.185732            
SPombe-AThaliana               | 0.311139            
SPombe-DMelanogaster           | 0.191013            
SPombe-HSapiens                | 0.136905            
CElegans-MMusculus             | 0.2795              
CElegans-SCerevisiae           | 0.134463            
CElegans-AThaliana             | 0.249721            
CElegans-DMelanogaster         | 0.145805            
CElegans-HSapiens              | 0.128238            
MMusculus-SCerevisiae          | 0.252808            
MMusculus-AThaliana            | 0.34711             
MMusculus-DMelanogaster        | 0.227272            
MMusculus-HSapiens             | 0.15973             
SCerevisiae-AThaliana          | 0.88065             
SCerevisiae-DMelanogaster      | 0.728023            
SCerevisiae-HSapiens           | 0.537736            
AThaliana-DMelanogaster        | 0.235868            
AThaliana-HSapiens             | 0.179961            
DMelanogaster-HSapiens         | 0.26152             
lccs Score Average: 0.280027
Checking sec score
Networks Pair                  | sec score           
RNorvegicus-SPombe             | 0.355631            
RNorvegicus-CElegans           | 0.28332             
RNorvegicus-MMusculus          | 0.215621            
RNorvegicus-SCerevisiae        | 0.0427283           
RNorvegicus-AThaliana          | 0.194641            
RNorvegicus-DMelanogaster      | 0.064504            
RNorvegicus-HSapiens           | 0.0318453           
SPombe-CElegans                | 0.380116            
SPombe-MMusculus               | 0.332248            
SPombe-SCerevisiae             | 0.0691913           
SPombe-AThaliana               | 0.282445            
SPombe-DMelanogaster           | 0.11793             
SPombe-HSapiens                | 0.0445162           
CElegans-MMusculus             | 0.301155            
CElegans-SCerevisiae           | 0.058394            
CElegans-AThaliana             | 0.249349            
CElegans-DMelanogaster         | 0.121849            
CElegans-HSapiens              | 0.0488979           
MMusculus-SCerevisiae          | 0.0989277           
MMusculus-AThaliana            | 0.303863            
MMusculus-DMelanogaster        | 0.155189            
MMusculus-HSapiens             | 0.0685534           
SCerevisiae-AThaliana          | 0.194742            
SCerevisiae-DMelanogaster      | 0.220193            
SCerevisiae-HSapiens           | 0.190284            
AThaliana-DMelanogaster        | 0.191673            
AThaliana-HSapiens             | 0.0855789           
DMelanogaster-HSapiens         | 0.128978            
sec Score Average: 0.172584
