Checking Iterations Speed
Networks Pair                  | Iterations Speed    
RNorvegicus-SPombe             | 1925108             
RNorvegicus-CElegans           | 1839743             
RNorvegicus-MMusculus          | 1649036             
RNorvegicus-SCerevisiae        | 1225662             
RNorvegicus-AThaliana          | 1429108             
RNorvegicus-DMelanogaster      | 1201785             
RNorvegicus-HSapiens           | 961651              
SPombe-CElegans                | 1728183             
SPombe-MMusculus               | 1541920             
SPombe-SCerevisiae             | 1072103             
SPombe-AThaliana               | 1215070             
SPombe-DMelanogaster           | 1037260             
SPombe-HSapiens                | 809581              
CElegans-MMusculus             | 1393774             
CElegans-SCerevisiae           | 984416              
CElegans-AThaliana             | 1204740             
CElegans-DMelanogaster         | 1007347             
CElegans-HSapiens              | 798778              
MMusculus-SCerevisiae          | 912168              
MMusculus-AThaliana            | 1023549             
MMusculus-DMelanogaster        | 866377              
MMusculus-HSapiens             | 742763              
SCerevisiae-AThaliana          | 623332              
SCerevisiae-DMelanogaster      | 515513              
SCerevisiae-HSapiens           | 406808              
AThaliana-DMelanogaster        | 755417              
AThaliana-HSapiens             | 655846              
DMelanogaster-HSapiens         | 507190              
Iterations /s Average: 1072651.000000 
Checking ec score
Networks Pair                  | ec score            
RNorvegicus-SPombe             | 0.534335            
RNorvegicus-CElegans           | 0.471245            
RNorvegicus-MMusculus          | 0.591845            
RNorvegicus-SCerevisiae        | 0.744635            
RNorvegicus-AThaliana          | 0.632189            
RNorvegicus-DMelanogaster      | 0.518455            
RNorvegicus-HSapiens           | 0.794421            
SPombe-CElegans                | 0.415623            
SPombe-MMusculus               | 0.484823            
SPombe-SCerevisiae             | 0.601146            
SPombe-AThaliana               | 0.567183            
SPombe-DMelanogaster           | 0.498196            
SPombe-HSapiens                | 0.613033            
CElegans-MMusculus             | 0.425018            
CElegans-SCerevisiae           | 0.429071            
CElegans-AThaliana             | 0.461127            
CElegans-DMelanogaster         | 0.470892            
CElegans-HSapiens              | 0.533346            
MMusculus-SCerevisiae          | 0.47828             
MMusculus-AThaliana            | 0.388219            
MMusculus-DMelanogaster        | 0.392935            
MMusculus-HSapiens             | 0.4638              
SCerevisiae-AThaliana          | 0.12065             
SCerevisiae-DMelanogaster      | 0.159484            
SCerevisiae-HSapiens           | 0.235518            
AThaliana-DMelanogaster        | 0.352963            
AThaliana-HSapiens             | 0.396308            
DMelanogaster-HSapiens         | 0.270365            
ec Score Average: 0.465897
Checking ics score
Networks Pair                  | ics score           
RNorvegicus-SPombe             | 0.795019            
RNorvegicus-CElegans           | 0.924242            
RNorvegicus-MMusculus          | 0.953006            
RNorvegicus-SCerevisiae        | 0.937838            
RNorvegicus-AThaliana          | 0.964005            
RNorvegicus-DMelanogaster      | 0.853107            
RNorvegicus-HSapiens           | 0.96759             
SPombe-CElegans                | 0.847619            
SPombe-MMusculus               | 0.889408            
SPombe-SCerevisiae             | 0.709241            
SPombe-AThaliana               | 0.891856            
SPombe-DMelanogaster           | 0.78732             
SPombe-HSapiens                | 0.870142            
CElegans-MMusculus             | 0.795792            
CElegans-SCerevisiae           | 0.615975            
CElegans-AThaliana             | 0.824169            
CElegans-DMelanogaster         | 0.760262            
CElegans-HSapiens              | 0.74903             
MMusculus-SCerevisiae          | 0.414527            
MMusculus-AThaliana            | 0.777802            
MMusculus-DMelanogaster        | 0.71597             
MMusculus-HSapiens             | 0.729846            
SCerevisiae-AThaliana          | 0.71749             
SCerevisiae-DMelanogaster      | 0.588652            
SCerevisiae-HSapiens           | 0.544697            
AThaliana-DMelanogaster        | 0.613855            
AThaliana-HSapiens             | 0.606681            
DMelanogaster-HSapiens         | 0.558554            
ics Score Average: 0.764418
Checking s3 score
Networks Pair                  | s3 score            
RNorvegicus-SPombe             | 0.469634            
RNorvegicus-CElegans           | 0.453719            
RNorvegicus-MMusculus          | 0.575063            
RNorvegicus-SCerevisiae        | 0.709611            
RNorvegicus-AThaliana          | 0.61761             
RNorvegicus-DMelanogaster      | 0.475965            
RNorvegicus-HSapiens           | 0.773829            
SPombe-CElegans                | 0.386727            
SPombe-MMusculus               | 0.457257            
SPombe-SCerevisiae             | 0.482289            
SPombe-AThaliana               | 0.530685            
SPombe-DMelanogaster           | 0.439102            
SPombe-HSapiens                | 0.561649            
CElegans-MMusculus             | 0.383223            
CElegans-SCerevisiae           | 0.338517            
CElegans-AThaliana             | 0.419826            
CElegans-DMelanogaster         | 0.41001             
CElegans-HSapiens              | 0.452485            
MMusculus-SCerevisiae          | 0.285452            
MMusculus-AThaliana            | 0.349462            
MMusculus-DMelanogaster        | 0.339945            
MMusculus-HSapiens             | 0.395843            
SCerevisiae-AThaliana          | 0.115178            
SCerevisiae-DMelanogaster      | 0.143492            
SCerevisiae-HSapiens           | 0.196779            
AThaliana-DMelanogaster        | 0.288833            
AThaliana-HSapiens             | 0.315298            
DMelanogaster-HSapiens         | 0.222765            
s3 Score Average: 0.413937
Checking lccs score
Networks Pair                  | lccs score          
RNorvegicus-SPombe             | 0.337539            
RNorvegicus-CElegans           | 0.236633            
RNorvegicus-MMusculus          | 0.277239            
RNorvegicus-SCerevisiae        | 0.134318            
RNorvegicus-AThaliana          | 0.23068             
RNorvegicus-DMelanogaster      | 0.123964            
RNorvegicus-HSapiens           | 0.118846            
SPombe-CElegans                | 0.466493            
SPombe-MMusculus               | 0.413733            
SPombe-SCerevisiae             | 0.181538            
SPombe-AThaliana               | 0.350838            
SPombe-DMelanogaster           | 0.197151            
SPombe-HSapiens                | 0.145646            
CElegans-MMusculus             | 0.319898            
CElegans-SCerevisiae           | 0.12428             
CElegans-AThaliana             | 0.265677            
CElegans-DMelanogaster         | 0.190847            
CElegans-HSapiens              | 0.126556            
MMusculus-SCerevisiae          | 0.259776            
MMusculus-AThaliana            | 0.34038             
MMusculus-DMelanogaster        | 0.242465            
MMusculus-HSapiens             | 0.171228            
SCerevisiae-AThaliana          | 0.883823            
SCerevisiae-DMelanogaster      | 0.706488            
SCerevisiae-HSapiens           | 0.535872            
AThaliana-DMelanogaster        | 0.234389            
AThaliana-HSapiens             | 0.173522            
DMelanogaster-HSapiens         | 0.26607             
lccs Score Average: 0.287710
Checking sec score
Networks Pair                  | sec score           
RNorvegicus-SPombe             | 0.353643            
RNorvegicus-CElegans           | 0.283063            
RNorvegicus-MMusculus          | 0.240958            
RNorvegicus-SCerevisiae        | 0.0436593           
RNorvegicus-AThaliana          | 0.187512            
RNorvegicus-DMelanogaster      | 0.0651511           
RNorvegicus-HSapiens           | 0.0328023           
SPombe-CElegans                | 0.386231            
SPombe-MMusculus               | 0.330368            
SPombe-SCerevisiae             | 0.0691913           
SPombe-AThaliana               | 0.295379            
SPombe-DMelanogaster           | 0.118944            
SPombe-HSapiens                | 0.0501219           
CElegans-MMusculus             | 0.317244            
CElegans-SCerevisiae           | 0.056408            
CElegans-AThaliana             | 0.266149            
CElegans-DMelanogaster         | 0.127224            
CElegans-HSapiens              | 0.0499327           
MMusculus-SCerevisiae          | 0.101084            
MMusculus-AThaliana            | 0.31462             
MMusculus-DMelanogaster        | 0.163304            
MMusculus-HSapiens             | 0.0706763           
SCerevisiae-AThaliana          | 0.205633            
SCerevisiae-DMelanogaster      | 0.219907            
SCerevisiae-HSapiens           | 0.193631            
AThaliana-DMelanogaster        | 0.196244            
AThaliana-HSapiens             | 0.0855951           
DMelanogaster-HSapiens         | 0.129349            
sec Score Average: 0.176929
