Checking Iterations Speed
Networks Pair                  | Iterations Speed    
RNorvegicus-SPombe             | 2557544.757033      
RNorvegicus-CElegans           | 2222222.222222      
RNorvegicus-MMusculus          | 2028397.565923      
RNorvegicus-AThaliana          | 1821493.624772      
RNorvegicus-DMelanogaster      | 1631321.370310      
RNorvegicus-SCerevisiae        | 1483679.525223      
RNorvegicus-HSapiens           | 1315789.473684      
SPombe-CElegans                | 2070393.374741      
SPombe-MMusculus               | 1776198.934281      
SPombe-AThaliana               | 1564945.226917      
SPombe-DMelanogaster           | 1345895.020188      
SPombe-SCerevisiae             | 1303780.964798      
SPombe-HSapiens                | 1160092.807425      
CElegans-MMusculus             | 1652892.561983      
CElegans-AThaliana             | 1587301.587302      
CElegans-DMelanogaster         | 1390820.584145      
CElegans-SCerevisiae           | 1302083.333333      
CElegans-HSapiens              | 1114827.201784      
MMusculus-AThaliana            | 1375515.818432      
MMusculus-DMelanogaster        | 1303780.964798      
MMusculus-SCerevisiae          | 1203369.434416      
MMusculus-HSapiens             | 1133786.848073      
AThaliana-DMelanogaster        | 1257861.635220      
AThaliana-SCerevisiae          | 816993.464052       
AThaliana-HSapiens             | 1077586.206897      
DMelanogaster-SCerevisiae      | 983284.169125       
DMelanogaster-HSapiens         | 939849.624060       
SCerevisiae-HSapiens           | 712758.374911       
Iterations /s Average: 1433370.000000 
Checking ec score
Networks Pair                  | ec score            
RNorvegicus-SPombe             | 0.538627            
RNorvegicus-CElegans           | 0.487983            
RNorvegicus-MMusculus          | 0.596567            
RNorvegicus-AThaliana          | 0.656223            
RNorvegicus-DMelanogaster      | 0.518026            
RNorvegicus-SCerevisiae        | 0.751502            
RNorvegicus-HSapiens           | 0.784979            
SPombe-CElegans                | 0.42284             
SPombe-MMusculus               | 0.504139            
SPombe-AThaliana               | 0.564636            
SPombe-DMelanogaster           | 0.51539             
SPombe-SCerevisiae             | 0.606453            
SPombe-HSapiens                | 0.599024            
CElegans-MMusculus             | 0.431651            
CElegans-AThaliana             | 0.465733            
CElegans-DMelanogaster         | 0.472734            
CElegans-SCerevisiae           | 0.429993            
CElegans-HSapiens              | 0.539425            
MMusculus-AThaliana            | 0.395239            
MMusculus-DMelanogaster        | 0.396117            
MMusculus-SCerevisiae          | 0.477512            
MMusculus-HSapiens             | 0.488372            
AThaliana-DMelanogaster        | 0.370077            
AThaliana-SCerevisiae          | 0.121946            
AThaliana-HSapiens             | 0.410283            
DMelanogaster-SCerevisiae      | 0.16428             
DMelanogaster-HSapiens         | 0.281558            
SCerevisiae-HSapiens           | 0.246432            
ec Score Average: 0.472776
Checking ics score
Networks Pair                  | ics score           
RNorvegicus-SPombe             | 0.821335            
RNorvegicus-CElegans           | 0.918417            
RNorvegicus-MMusculus          | 0.961272            
RNorvegicus-AThaliana          | 0.967722            
RNorvegicus-DMelanogaster      | 0.924904            
RNorvegicus-SCerevisiae        | 0.937366            
RNorvegicus-HSapiens           | 0.970292            
SPombe-CElegans                | 0.840506            
SPombe-MMusculus               | 0.879956            
SPombe-AThaliana               | 0.90384             
SPombe-DMelanogaster           | 0.805574            
SPombe-SCerevisiae             | 0.735961            
SPombe-HSapiens                | 0.863261            
CElegans-MMusculus             | 0.793162            
CElegans-AThaliana             | 0.811557            
CElegans-DMelanogaster         | 0.768494            
CElegans-SCerevisiae           | 0.63064             
CElegans-HSapiens              | 0.770729            
MMusculus-AThaliana            | 0.777346            
MMusculus-DMelanogaster        | 0.693356            
MMusculus-SCerevisiae          | 0.436347            
MMusculus-HSapiens             | 0.767322            
AThaliana-DMelanogaster        | 0.631874            
AThaliana-SCerevisiae          | 0.716036            
AThaliana-HSapiens             | 0.680297            
DMelanogaster-SCerevisiae      | 0.610354            
DMelanogaster-HSapiens         | 0.549812            
SCerevisiae-HSapiens           | 0.551904            
ics Score Average: 0.775701
Checking s3 score
Networks Pair                  | s3 score            
RNorvegicus-SPombe             | 0.482136            
RNorvegicus-CElegans           | 0.467709            
RNorvegicus-MMusculus          | 0.582565            
RNorvegicus-AThaliana          | 0.642167            
RNorvegicus-DMelanogaster      | 0.497117            
RNorvegicus-SCerevisiae        | 0.71557             
RNorvegicus-HSapiens           | 0.766555            
SPombe-CElegans                | 0.391433            
SPombe-MMusculus               | 0.471698            
SPombe-AThaliana               | 0.532639            
SPombe-DMelanogaster           | 0.458373            
SPombe-SCerevisiae             | 0.498082            
SPombe-HSapiens                | 0.547111            
CElegans-MMusculus             | 0.387978            
CElegans-AThaliana             | 0.420283            
CElegans-DMelanogaster         | 0.413804            
CElegans-SCerevisiae           | 0.343488            
CElegans-HSapiens              | 0.464836            
MMusculus-AThaliana            | 0.355045            
MMusculus-DMelanogaster        | 0.337067            
MMusculus-SCerevisiae          | 0.295339            
MMusculus-HSapiens             | 0.425377            
AThaliana-DMelanogaster        | 0.304439            
AThaliana-SCerevisiae          | 0.11632             
AThaliana-HSapiens             | 0.343963            
DMelanogaster-SCerevisiae      | 0.148686            
DMelanogaster-HSapiens         | 0.228809            
SCerevisiae-HSapiens           | 0.205346            
s3 Score Average: 0.422998
Checking lccs score
Networks Pair                  | lccs score          
RNorvegicus-SPombe             | 0.32079             
RNorvegicus-CElegans           | 0.244153            
RNorvegicus-MMusculus          | 0.281526            
RNorvegicus-AThaliana          | 0.248967            
RNorvegicus-DMelanogaster      | 0.119911            
RNorvegicus-SCerevisiae        | 0.131025            
RNorvegicus-HSapiens           | 0.118712            
SPombe-CElegans                | 0.456371            
SPombe-MMusculus               | 0.430588            
SPombe-AThaliana               | 0.346221            
SPombe-DMelanogaster           | 0.219867            
SPombe-SCerevisiae             | 0.174885            
SPombe-HSapiens                | 0.144082            
CElegans-MMusculus             | 0.334452            
CElegans-AThaliana             | 0.27675             
CElegans-DMelanogaster         | 0.176689            
CElegans-SCerevisiae           | 0.126306            
CElegans-HSapiens              | 0.130544            
MMusculus-AThaliana            | 0.358722            
MMusculus-DMelanogaster        | 0.237575            
MMusculus-SCerevisiae          | 0.253397            
MMusculus-HSapiens             | 0.173013            
AThaliana-DMelanogaster        | 0.244157            
AThaliana-SCerevisiae          | 0.88546             
AThaliana-HSapiens             | 0.176381            
DMelanogaster-SCerevisiae      | 0.718835            
DMelanogaster-HSapiens         | 0.28938             
SCerevisiae-HSapiens           | 0.547267            
lccs Score Average: 0.291644
Checking sec score
Networks Pair                  | sec score           
RNorvegicus-SPombe             | 0.356483            
RNorvegicus-CElegans           | 0.293117            
RNorvegicus-MMusculus          | 0.24288             
RNorvegicus-AThaliana          | 0.194641            
RNorvegicus-DMelanogaster      | 0.0650972           
RNorvegicus-SCerevisiae        | 0.044062            
RNorvegicus-HSapiens           | 0.0324124           
SPombe-CElegans                | 0.392938            
SPombe-MMusculus               | 0.343531            
SPombe-AThaliana               | 0.294053            
SPombe-DMelanogaster           | 0.123049            
SPombe-SCerevisiae             | 0.0698021           
SPombe-HSapiens                | 0.0489765           
CElegans-MMusculus             | 0.322195            
CElegans-AThaliana             | 0.268807            
CElegans-DMelanogaster         | 0.127722            
CElegans-SCerevisiae           | 0.0565291           
CElegans-HSapiens              | 0.0505019           
MMusculus-AThaliana            | 0.320309            
MMusculus-DMelanogaster        | 0.164627            
MMusculus-SCerevisiae          | 0.100922            
MMusculus-HSapiens             | 0.0744208           
AThaliana-DMelanogaster        | 0.205759            
AThaliana-SCerevisiae          | 0.207843            
AThaliana-HSapiens             | 0.0886134           
DMelanogaster-SCerevisiae      | 0.22652             
DMelanogaster-HSapiens         | 0.134704            
SCerevisiae-HSapiens           | 0.202603            
sec Score Average: 0.180469
Checking SANA Locking Mechanism
