Checking Iterations Speed
Networks Pair                  | Iterations Speed    
RNorvegicus-SPombe             | 2100840.336134      
RNorvegicus-CElegans           | 1876172.607880      
RNorvegicus-MMusculus          | 1808318.264014      
RNorvegicus-AThaliana          | 1620745.542950      
RNorvegicus-DMelanogaster      | 1402524.544180      
RNorvegicus-SCerevisiae        | 1302083.333333      
RNorvegicus-HSapiens           | 1216545.012165      
SPombe-CElegans                | 1683501.683502      
SPombe-MMusculus               | 1589825.119237      
SPombe-AThaliana               | 1515151.515152      
SPombe-DMelanogaster           | 1321003.963012      
SPombe-SCerevisiae             | 1251564.455569      
SPombe-HSapiens                | 1096491.228070      
CElegans-MMusculus             | 1572327.044025      
CElegans-AThaliana             | 1503759.398496      
CElegans-DMelanogaster         | 1340482.573727      
CElegans-SCerevisiae           | 1098901.098901      
CElegans-HSapiens              | 1034126.163392      
MMusculus-AThaliana            | 1223990.208078      
MMusculus-DMelanogaster        | 1122334.455668      
MMusculus-SCerevisiae          | 1182033.096927      
MMusculus-HSapiens             | 1000000.000000      
AThaliana-DMelanogaster        | 1127395.715896      
AThaliana-SCerevisiae          | 762776.506484       
AThaliana-HSapiens             | 1019367.991845      
DMelanogaster-SCerevisiae      | 700770.847933       
DMelanogaster-HSapiens         | 877963.125549       
SCerevisiae-HSapiens           | 672947.510094       
Iterations /s Average: 1286570.000000 
Checking ec score
Networks Pair                  | ec score            
RNorvegicus-SPombe             | 0.536481            
RNorvegicus-CElegans           | 0.472103            
RNorvegicus-MMusculus          | 0.591416            
RNorvegicus-AThaliana          | 0.644635            
RNorvegicus-DMelanogaster      | 0.53691             
RNorvegicus-SCerevisiae        | 0.758369            
RNorvegicus-HSapiens           | 0.808155            
SPombe-CElegans                | 0.414986            
SPombe-MMusculus               | 0.503502            
SPombe-AThaliana               | 0.567183            
SPombe-DMelanogaster           | 0.523668            
SPombe-SCerevisiae             | 0.599873            
SPombe-HSapiens                | 0.623859            
CElegans-MMusculus             | 0.427413            
CElegans-AThaliana             | 0.47126             
CElegans-DMelanogaster         | 0.468865            
CElegans-SCerevisiae           | 0.438651            
CElegans-HSapiens              | 0.540899            
MMusculus-AThaliana            | 0.392497            
MMusculus-DMelanogaster        | 0.396994            
MMusculus-SCerevisiae          | 0.474221            
MMusculus-HSapiens             | 0.465555            
AThaliana-DMelanogaster        | 0.35954             
AThaliana-SCerevisiae          | 0.123683            
AThaliana-HSapiens             | 0.413721            
DMelanogaster-SCerevisiae      | 0.166081            
DMelanogaster-HSapiens         | 0.281702            
SCerevisiae-HSapiens           | 0.237994            
ec Score Average: 0.472865
Checking ics score
Networks Pair                  | ics score           
RNorvegicus-SPombe             | 0.828363            
RNorvegicus-CElegans           | 0.91135             
RNorvegicus-MMusculus          | 0.9419              
RNorvegicus-AThaliana          | 0.91307             
RNorvegicus-DMelanogaster      | 0.923247            
RNorvegicus-SCerevisiae        | 0.925131            
RNorvegicus-HSapiens           | 0.966632            
SPombe-CElegans                | 0.85037             
SPombe-MMusculus               | 0.872701            
SPombe-AThaliana               | 0.911013            
SPombe-DMelanogaster           | 0.786671            
SPombe-SCerevisiae             | 0.726291            
SPombe-HSapiens                | 0.873662            
CElegans-MMusculus             | 0.793162            
CElegans-AThaliana             | 0.831059            
CElegans-DMelanogaster         | 0.771914            
CElegans-SCerevisiae           | 0.622484            
CElegans-HSapiens              | 0.739919            
MMusculus-AThaliana            | 0.785683            
MMusculus-DMelanogaster        | 0.663671            
MMusculus-SCerevisiae          | 0.436094            
MMusculus-HSapiens             | 0.734383            
AThaliana-DMelanogaster        | 0.634362            
AThaliana-SCerevisiae          | 0.731524            
AThaliana-HSapiens             | 0.672743            
DMelanogaster-SCerevisiae      | 0.609446            
DMelanogaster-HSapiens         | 0.562579            
SCerevisiae-HSapiens           | 0.559394            
ics Score Average: 0.770672
Checking s3 score
Networks Pair                  | s3 score            
RNorvegicus-SPombe             | 0.482812            
RNorvegicus-CElegans           | 0.451375            
RNorvegicus-MMusculus          | 0.5706              
RNorvegicus-AThaliana          | 0.607359            
RNorvegicus-DMelanogaster      | 0.513969            
RNorvegicus-SCerevisiae        | 0.714517            
RNorvegicus-HSapiens           | 0.786221            
SPombe-CElegans                | 0.386746            
SPombe-MMusculus               | 0.469053            
SPombe-AThaliana               | 0.537409            
SPombe-DMelanogaster           | 0.45855             
SPombe-SCerevisiae             | 0.489266            
SPombe-HSapiens                | 0.572235            
CElegans-MMusculus             | 0.384552            
CElegans-AThaliana             | 0.430061            
CElegans-DMelanogaster         | 0.411812            
CElegans-SCerevisiae           | 0.346478            
CElegans-HSapiens              | 0.454489            
MMusculus-AThaliana            | 0.354538            
MMusculus-DMelanogaster        | 0.330502            
MMusculus-SCerevisiae          | 0.293962            
MMusculus-HSapiens             | 0.39846             
AThaliana-DMelanogaster        | 0.297821            
AThaliana-SCerevisiae          | 0.118312            
AThaliana-HSapiens             | 0.344407            
DMelanogaster-SCerevisiae      | 0.150105            
DMelanogaster-HSapiens         | 0.231087            
SCerevisiae-HSapiens           | 0.200424            
s3 Score Average: 0.420969
Checking lccs score
Networks Pair                  | lccs score          
RNorvegicus-SPombe             | 0.334894            
RNorvegicus-CElegans           | 0.247655            
RNorvegicus-MMusculus          | 0.277975            
RNorvegicus-AThaliana          | 0.221315            
RNorvegicus-DMelanogaster      | 0.132307            
RNorvegicus-SCerevisiae        | 0.13173             
RNorvegicus-HSapiens           | 0.119535            
SPombe-CElegans                | 0.477977            
SPombe-MMusculus               | 0.440047            
SPombe-AThaliana               | 0.350083            
SPombe-DMelanogaster           | 0.209204            
SPombe-SCerevisiae             | 0.181339            
SPombe-HSapiens                | 0.150509            
CElegans-MMusculus             | 0.318077            
CElegans-AThaliana             | 0.278207            
CElegans-DMelanogaster         | 0.182876            
CElegans-SCerevisiae           | 0.136159            
CElegans-HSapiens              | 0.134437            
MMusculus-AThaliana            | 0.346183            
MMusculus-DMelanogaster        | 0.239449            
MMusculus-SCerevisiae          | 0.244395            
MMusculus-HSapiens             | 0.167061            
AThaliana-DMelanogaster        | 0.240444            
AThaliana-SCerevisiae          | 0.884069            
AThaliana-HSapiens             | 0.180325            
DMelanogaster-SCerevisiae      | 0.716688            
DMelanogaster-HSapiens         | 0.280639            
SCerevisiae-HSapiens           | 0.535849            
lccs Score Average: 0.291408
Checking sec score
Networks Pair                  | sec score           
RNorvegicus-SPombe             | 0.355063            
RNorvegicus-CElegans           | 0.283578            
RNorvegicus-MMusculus          | 0.240783            
RNorvegicus-AThaliana          | 0.191204            
RNorvegicus-DMelanogaster      | 0.0674703           
RNorvegicus-SCerevisiae        | 0.0444646           
RNorvegicus-HSapiens           | 0.0333694           
SPombe-CElegans                | 0.38564             
SPombe-MMusculus               | 0.343097            
SPombe-AThaliana               | 0.295379            
SPombe-DMelanogaster           | 0.125025            
SPombe-SCerevisiae             | 0.0690447           
SPombe-HSapiens                | 0.051007            
CElegans-MMusculus             | 0.319032            
CElegans-AThaliana             | 0.271997            
CElegans-DMelanogaster         | 0.126677            
CElegans-SCerevisiae           | 0.0576674           
CElegans-HSapiens              | 0.0506399           
MMusculus-AThaliana            | 0.318087            
MMusculus-DMelanogaster        | 0.164991            
MMusculus-SCerevisiae          | 0.100226            
MMusculus-HSapiens             | 0.0709438           
AThaliana-DMelanogaster        | 0.1999              
AThaliana-SCerevisiae          | 0.210803            
AThaliana-HSapiens             | 0.0893559           
DMelanogaster-SCerevisiae      | 0.229004            
DMelanogaster-HSapiens         | 0.134773            
SCerevisiae-HSapiens           | 0.195666            
sec Score Average: 0.179460
